
> task-tracker-backend@1.0.0 test:coverage
> jest --forceExit --detectOpenHandles --coverage

  console.error
    Redis connection error: connect ECONNREFUSED 127.0.0.1:6379

    [0m [90m 24 |[39m
     [90m 25 |[39m     redisClient[33m.[39mon([32m'error'[39m[33m,[39m (err) [33m=>[39m {
    [31m[1m>[22m[39m[90m 26 |[39m       console[33m.[39merror([32m'Redis connection error:'[39m[33m,[39m err[33m.[39mmessage)[33m;[39m
     [90m    |[39m               [31m[1m^[22m[39m
     [90m 27 |[39m     })[33m;[39m
     [90m 28 |[39m   }
     [90m 29 |[39m   [36mreturn[39m redisClient[33m;[39m[0m

      at EventEmitter.error (src/config/redis.ts:26:15)
      at EventEmitter.silentEmit (node_modules/ioredis/built/Redis.js:529:30)
      at Socket.<anonymous> (node_modules/ioredis/built/redis/event_handler.js:221:14)

  console.error
    Unhandled error: Something went wrong

    [0m [90m  7 |[39m   _next[33m:[39m [33mNextFunction[39m
     [90m  8 |[39m )[33m:[39m [36mvoid[39m [33m=>[39m {
    [31m[1m>[22m[39m[90m  9 |[39m   console[33m.[39merror([32m'Unhandled error:'[39m[33m,[39m err[33m.[39mmessage)[33m;[39m
     [90m    |[39m           [31m[1m^[22m[39m
     [90m 10 |[39m   res[33m.[39mstatus([35m500[39m)[33m.[39mjson({
     [90m 11 |[39m     message[33m:[39m [32m'Internal server error'[39m[33m,[39m
     [90m 12 |[39m   })[33m;[39m[0m

      at error (src/middleware/errorHandler.ts:9:11)
      at Object.<anonymous> (src/__tests__/middleware/errorHandler.test.ts:14:17)

  console.error
    Redis connection error: connect ECONNREFUSED 127.0.0.1:6379

    [0m [90m 24 |[39m
     [90m 25 |[39m     redisClient[33m.[39mon([32m'error'[39m[33m,[39m (err) [33m=>[39m {
    [31m[1m>[22m[39m[90m 26 |[39m       console[33m.[39merror([32m'Redis connection error:'[39m[33m,[39m err[33m.[39mmessage)[33m;[39m
     [90m    |[39m               [31m[1m^[22m[39m
     [90m 27 |[39m     })[33m;[39m
     [90m 28 |[39m   }
     [90m 29 |[39m   [36mreturn[39m redisClient[33m;[39m[0m

      at EventEmitter.error (src/config/redis.ts:26:15)
      at EventEmitter.silentEmit (node_modules/ioredis/built/Redis.js:529:30)
      at Socket.<anonymous> (node_modules/ioredis/built/redis/event_handler.js:221:14)

------------------|---------|----------|---------|---------|---------------------------------------------------------------
File              | % Stmts | % Branch | % Funcs | % Lines | Uncovered Line #s                                             
------------------|---------|----------|---------|---------|---------------------------------------------------------------
All files         |   66.46 |    54.32 |   67.85 |   65.94 |                                                               
 src              |     100 |      100 |     100 |     100 |                                                               
  app.ts          |     100 |      100 |     100 |     100 |                                                               
 src/config       |   69.44 |    53.33 |   33.33 |   67.64 |                                                               
  database.ts     |   44.44 |      100 |       0 |   44.44 | 5-10                                                          
  firebase.ts     |     100 |      100 |     100 |     100 |                                                               
  index.ts        |     100 |       50 |     100 |     100 | 5-11                                                          
  redis.ts        |   68.42 |       50 |      40 |    64.7 | 13-17,22,26                                                   
 src/middleware   |     100 |      100 |     100 |     100 |                                                               
  auth.ts         |     100 |      100 |     100 |     100 |                                                               
  errorHandler.ts |     100 |      100 |     100 |     100 |                                                               
  validate.ts     |     100 |      100 |     100 |     100 |                                                               
 src/models       |      95 |        0 |     100 |     100 |                                                               
  Task.ts         |     100 |      100 |     100 |     100 |                                                               
  User.ts         |    92.3 |        0 |     100 |     100 | 63                                                            
 src/routes       |   56.08 |    48.21 |   68.75 |   54.79 |                                                               
  auth.ts         |   32.83 |    23.68 |    37.5 |   33.33 | 63-68,122-123,142-143,155-211,228-254,270-292,310-329,346-373 
  tasks.ts        |   88.54 |      100 |     100 |   87.35 | 26,68,84,89-90,137-138,199-200,233-234                        
------------------|---------|----------|---------|---------|---------------------------------------------------------------
